// Jest Snapshot v1, https://goo.gl/fbAQLP

exports[`SideNav renders SideNav component created 1`] = `
<div
  className="side"
>
  <h2>
    Categories
  </h2>
  <div
    className="navbar"
  >
    <ul />
  </div>
</div>
`;
